// Jest Snapshot v1, https://goo.gl/fbAQLP

exports[`<NotificationMessage /> should render 1`] = `
<div
  class="sc-gZMcBi eSpJzV"
  data-testid="notification-container"
>
  <div
    class="sc-bdVaJa sc-bwzfXH dJYYq"
    width="100%"
  >
    <div
      class="sc-bdVaJa sc-htpNat AOxAi"
      color="#627381"
      data-testid="notification-message"
    />
  </div>
</div>
`;
