// Jest Snapshot v1, https://goo.gl/fbAQLP

exports[`<Loader /> should render 1`] = `
<div
  class="sc-bxivhb iVhnNY"
>
  <div
    class="css-15yujpl-Loader"
  >
    <div
      class="css-1v2vqtz-style"
    />
    <div
      class="css-3imrv7-style"
    />
    <div
      class="css-9tspmy-style"
    />
  </div>
</div>
`;
